// Jest Snapshot v1, https://goo.gl/fbAQLP

exports[`ButtonText Should match snapshot 1`] = `
<div>
  <button
    class="sc-999c1705-0 gHEbJm"
  />
</div>
`;
