// Jest Snapshot v1, https://goo.gl/fbAQLP

exports[`BackButton Should match snapshot 1`] = `
<div>
  <button
    class="sc-b47ab6f0-0 HBlCt sc-c7d2da6b-0 ejOLNy"
    title="Voltar"
  >
    <svg
      class="sc-c7d2da6b-1 eQDbvn"
      fill="currentColor"
      height="1em"
      stroke="currentColor"
      stroke-width="0"
      viewBox="0 0 16 16"
      width="1em"
      xmlns="http://www.w3.org/2000/svg"
    >
      <path
        d="M11.354 1.646a.5.5 0 0 1 0 .708L5.707 8l5.647 5.646a.5.5 0 0 1-.708.708l-6-6a.5.5 0 0 1 0-.708l6-6a.5.5 0 0 1 .708 0z"
        fill-rule="evenodd"
      />
    </svg>
    Voltar
  </button>
</div>
`;
